Fn@0..20
    param: i32@1..3
    ret: Fn@9..20
        param: i32@10..12
        ret: i32@18..20
