Struct@0..84
    path@0..5
        seg: Person@0..5
    field: key value@13..24
        key: car@13..15
        value: Enum@18..24
            variant@18..21
                seg: Some@18..21
            payload: _@23..23
    field: key value@31..51
        key: age@31..33
        value: As@36..51
            pat: Range@36..41
                from: 13@36..37
                to: 19@40..41
            id: person@46..51
    field: key value@58..74
        key: name@58..61
        value: person_name@64..74
    field: rest@81..82
