As@0..7
    value: Unary@0..1
        op: -
        value: a@1..1
    type: u8@6..7
