Call@0..4
    callee: Call@0..2
        callee: a@0..0
