Path@0..11
    prefix: Self
    seg: Output@6..11
