Path@0..12
    seg: Container@0..8
    type arg: Neg@10..11
        1@11..11
