Binary@0..18
    left: Binary@1..11
        left: 1@4..4
        op: +
        right: 2@8..8
    op: *
    right: 3@15..17
