Unary@0..7
    op: -
    value: As@1..7
        value: a@1..1
        type: u8@6..7
