Block@0..17
    Call@6..8
        callee: a@6..6
    Tuple@14..15
