Binary@0..19
    left: 1@0..0
    op: +
    right: 2@19..19
