Trait@0..74
    name: Summary@6..12
    item: trait type@20..41
        name: Res@25..27
        bound@30..41
            seg: Serializable@30..41
    item: trait method@47..72
        name: summarize@50..58
        param@60..64
            pat: ref self@60..64
        ret: Res@70..72
