Binary@0..8
    left: Binary@0..4
        left: 3@0..0
        op: -
        right: 2@4..4
    op: -
    right: 1@8..8
