Or@0..9
    a@0..0
    As@4..9
        pat: b@4..4
        id: c@9..9
