Array@0..13
    1@1..1
    Binary@4..8
        left: 2@4..4
        op: +
        right: 3@8..8
    4@11..11
