Or@0..14
    As@0..10
        pat: As@0..5
            pat: 1@0..0
            id: a@5..5
        id: b@10..10
    d@14..14
